// Jest Snapshot v1, https://goo.gl/fbAQLP

exports[`<Display />  1`] = `
<div
  className="component-display"
>
  <div />
</div>
`;

exports[`<Display /> has a div called component-display 1`] = `
<div
  className="component-display"
>
  <div />
</div>
`;

exports[`<Display /> should render a zero 1`] = `
<div
  className="component-display"
>
  <div />
</div>
`;

exports[`<Display /> should render something??? 1`] = `
<div
  className="component-display"
>
  <div />
</div>
`;
